Processed as Mobile sources
Base inventory year      1999
Gridding matrix applied for gridUS36NC_23X12
No speciation matrix applied
Temporal factors applied for episode from
     Tuesday July 9, 1996   at 000000 to
     Tuesday July 9, 1996   at 230000
Annual total data basis in report
Date       | Region| State         | EXR__CO      | EXR__NOX     | EXR__NONHAPTOG| EXR__SO4      | EXR__OCARB25  | EXR__OCARBPMC | EXR__ECARB25  | EXR__ECARBPMC | EXR__GASPM25  | EXR__GASPMC   | EXR__SO2      | EXR__NH3      | EXR__BENZENE  | EXR__MTBE     | EXR__BUTADIENE| EXR__FORMALDEHYD| EXR__ACETALD    | EXR__ACROLEIN   | EXS__CO         | EXS__NOX        | EXS__NONHAPTOG  | EXS__BENZENE    | EXS__MTBE       | EXS__BUTADIENE  | EXS__FORMALDEHYD| EXS__ACETALD    | EXS__ACROLEIN   | HOT__NONHAPTOG  | HOT__BENZENE    | HOT__MTBE       | DNL__NONHAPTOG  | DNL__BENZENE    | DNL__MTBE       | RST__NONHAPTOG  | RST__BENZENE    | RST__MTBE       | EVR__NONHAPTOG  | EVR__BENZENE    | EVR__MTBE       | CRC__NONHAPTOG  | RFL__NONHAPTOG  | RFL__BENZENE    | RFL__MTBE       | BRK__BRAKE25    | BRK__BRAKEPMC   | TIR__TIRE25     | TIR__TIREPMC
           |       |               | [tons/day]   | [tons/day]   | [tons/day]    | [tons/day]    | [tons/day]    | [tons/day]    | [tons/day]    | [tons/day]    | [tons/day]    | [tons/day]    | [tons/day]    | [tons/day]    | [tons/day]    | [tons/day]    | [tons/day]    | [tons/day]      | [tons/day]      | [tons/day]      | [tons/day]      | [tons/day]      | [tons/day]      | [tons/day]      | [tons/day]      | [tons/day]      | [tons/day]      | [tons/day]      | [tons/day]      | [tons/day]      | [tons/day]      | [tons/day]      | [tons/day]      | [tons/day]      | [tons/day]      | [tons/day]      | [tons/day]      | [tons/day]      | [tons/day]      | [tons/day]      | [tons/day]      | [tons/day]      | [tons/day]      | [tons/day]      | [tons/day]      | [tons/day]      | [tons/day]      | [tons/day]      | [tons/day]
----------------------------------------------------------------------------------------------------------------------------------------------------------------------------------------------------------------------------------------------------------------------------------------------------------------------------------------------------------------------------------------------------------------------------------------------------------------------------------------------------------------------------------------------------------------------------------------------------------------------------------------------------------------------------------------------------------------------------------------------------------------------------------------------------------------------------------------------------------------------------------
 07/09/1996|  037000|North Carolina|    0.63579E+04|   0.78457E+03|    0.28478E+03|    0.17184E+01|    0.36370E+01|    0.31626E+00|    0.73540E+01|    0.63948E+00|    0.17058E+01|    0.33048E+00|    0.24794E+02|    0.22904E+02|    0.13663E+02|    0.39875E+00|    0.19004E+01|      0.58645E+01|      0.19714E+01|      0.32227E+00|      0.78002E+04|      0.11891E+03|      0.47683E+03|      0.25481E+02|      0.11889E+01|      0.35183E+01|      0.75144E+01|      0.25237E+01|      0.31169E+00|      0.00000E+00|      0.00000E+00|      0.00000E+00|      0.00000E+00|      0.00000E+00|      0.00000E+00|      0.33541E+02|      0.27617E+00|      0.66611E+00|      0.40038E+02|      0.35581E+00|      0.47148E+00|      0.23594E+01|      0.22223E+02|      0.18763E+00|      0.65647E+00|      0.13609E+01|      0.18399E+01|      0.60827E+00|      0.18248E+01

##################################################################################################################################################################################################################################################################################################################################################################################################################################################################################################################################################################################################################################################################################################################################################################################################################################################################################

