Processed as Mobile sources
Base inventory year      1999
Gridding matrix applied for gridUS36NC_23X12
No speciation matrix applied
Temporal factors applied for episode from
     Wednesday July 10, 1996  at 000000 to
     Wednesday July 10, 1996  at 230000
Annual total data basis in report
Date       | Region| State         | EXR__CO      | EXR__NOX     | EXR__NONHAPTOG| EXR__SO4      | EXR__OCARB25  | EXR__OCARBPMC | EXR__ECARB25  | EXR__ECARBPMC | EXR__GASPM25  | EXR__GASPMC   | EXR__SO2      | EXR__NH3      | EXR__BENZENE  | EXR__MTBE     | EXR__BUTADIENE| EXR__FORMALDEHYD| EXR__ACETALD    | EXR__ACROLEIN   | EXS__CO         | EXS__NOX        | EXS__NONHAPTOG  | EXS__BENZENE    | EXS__MTBE       | EXS__BUTADIENE  | EXS__FORMALDEHYD| EXS__ACETALD    | EXS__ACROLEIN   | HOT__NONHAPTOG  | HOT__BENZENE    | HOT__MTBE       | DNL__NONHAPTOG  | DNL__BENZENE    | DNL__MTBE       | RST__NONHAPTOG  | RST__BENZENE    | RST__MTBE       | EVR__NONHAPTOG  | EVR__BENZENE    | EVR__MTBE       | CRC__NONHAPTOG  | RFL__NONHAPTOG  | RFL__BENZENE    | RFL__MTBE       | BRK__BRAKE25    | BRK__BRAKEPMC   | TIR__TIRE25     | TIR__TIREPMC
           |       |               | [tons/day]   | [tons/day]   | [tons/day]    | [tons/day]    | [tons/day]    | [tons/day]    | [tons/day]    | [tons/day]    | [tons/day]    | [tons/day]    | [tons/day]    | [tons/day]    | [tons/day]    | [tons/day]    | [tons/day]    | [tons/day]      | [tons/day]      | [tons/day]      | [tons/day]      | [tons/day]      | [tons/day]      | [tons/day]      | [tons/day]      | [tons/day]      | [tons/day]      | [tons/day]      | [tons/day]      | [tons/day]      | [tons/day]      | [tons/day]      | [tons/day]      | [tons/day]      | [tons/day]      | [tons/day]      | [tons/day]      | [tons/day]      | [tons/day]      | [tons/day]      | [tons/day]      | [tons/day]      | [tons/day]      | [tons/day]      | [tons/day]      | [tons/day]      | [tons/day]      | [tons/day]      | [tons/day]
----------------------------------------------------------------------------------------------------------------------------------------------------------------------------------------------------------------------------------------------------------------------------------------------------------------------------------------------------------------------------------------------------------------------------------------------------------------------------------------------------------------------------------------------------------------------------------------------------------------------------------------------------------------------------------------------------------------------------------------------------------------------------------------------------------------------------------------------------------------------------------
 07/10/1996|  037000|North Carolina|    0.62965E+04|   0.77802E+03|    0.28177E+03|    0.17035E+01|    0.36131E+01|    0.31418E+00|    0.73057E+01|    0.63528E+00|    0.16897E+01|    0.32740E+00|    0.24586E+02|    0.22684E+02|    0.13518E+02|    0.39442E+00|    0.18804E+01|      0.58068E+01|      0.19522E+01|      0.31901E+00|      0.78002E+04|      0.11891E+03|      0.47683E+03|      0.25481E+02|      0.11889E+01|      0.35183E+01|      0.75144E+01|      0.25237E+01|      0.31169E+00|      0.00000E+00|      0.00000E+00|      0.00000E+00|      0.00000E+00|      0.00000E+00|      0.00000E+00|      0.33530E+02|      0.27609E+00|      0.66591E+00|      0.39572E+02|      0.35167E+00|      0.46599E+00|      0.23367E+01|      0.22009E+02|      0.18583E+00|      0.65016E+00|      0.13481E+01|      0.18226E+01|      0.60284E+00|      0.18085E+01

##################################################################################################################################################################################################################################################################################################################################################################################################################################################################################################################################################################################################################################################################################################################################################################################################################################################################################

