Processed as Mobile sources
Base inventory year      1999
Gridding matrix applied for gridUS36NC_23X12
No speciation matrix applied
Temporal factors applied for episode from
     Tuesday July 9, 1996   at 000000 to
     Tuesday July 9, 1996   at 230000
Annual total data basis in report
Date       ; Region; State         ; EXR__CO      ; EXR__NOX     ; EXR__NONHAPTOG; EXR__SO4      ; EXR__OCARB25  ; EXR__OCARBPMC ; EXR__ECARB25  ; EXR__ECARBPMC ; EXR__GASPM25  ; EXR__GASPMC   ; EXR__SO2      ; EXR__NH3      ; EXR__BENZENE  ; EXR__MTBE     ; EXR__BUTADIENE; EXR__FORMALDEHYD; EXR__ACETALD    ; EXR__ACROLEIN   ; EXS__CO         ; EXS__NOX        ; EXS__NONHAPTOG  ; EXS__BENZENE    ; EXS__MTBE       ; EXS__BUTADIENE  ; EXS__FORMALDEHYD; EXS__ACETALD    ; EXS__ACROLEIN   ; HOT__NONHAPTOG  ; HOT__BENZENE    ; HOT__MTBE       ; DNL__NONHAPTOG  ; DNL__BENZENE    ; DNL__MTBE       ; RST__NONHAPTOG  ; RST__BENZENE    ; RST__MTBE       ; EVR__NONHAPTOG  ; EVR__BENZENE    ; EVR__MTBE       ; CRC__NONHAPTOG  ; RFL__NONHAPTOG  ; RFL__BENZENE    ; RFL__MTBE       ; BRK__BRAKE25    ; BRK__BRAKEPMC   ; TIR__TIRE25     ; TIR__TIREPMC
           ;       ;               ; [tons/day]   ; [tons/day]   ; [tons/day]    ; [tons/day]    ; [tons/day]    ; [tons/day]    ; [tons/day]    ; [tons/day]    ; [tons/day]    ; [tons/day]    ; [tons/day]    ; [tons/day]    ; [tons/day]    ; [tons/day]    ; [tons/day]    ; [tons/day]      ; [tons/day]      ; [tons/day]      ; [tons/day]      ; [tons/day]      ; [tons/day]      ; [tons/day]      ; [tons/day]      ; [tons/day]      ; [tons/day]      ; [tons/day]      ; [tons/day]      ; [tons/day]      ; [tons/day]      ; [tons/day]      ; [tons/day]      ; [tons/day]      ; [tons/day]      ; [tons/day]      ; [tons/day]      ; [tons/day]      ; [tons/day]      ; [tons/day]      ; [tons/day]      ; [tons/day]      ; [tons/day]      ; [tons/day]      ; [tons/day]      ; [tons/day]      ; [tons/day]      ; [tons/day]      ; [tons/day]
----------------------------------------------------------------------------------------------------------------------------------------------------------------------------------------------------------------------------------------------------------------------------------------------------------------------------------------------------------------------------------------------------------------------------------------------------------------------------------------------------------------------------------------------------------------------------------------------------------------------------------------------------------------------------------------------------------------------------------------------------------------------------------------------------------------------------------------------------------------------------------
 07/09/1996;  037000;North Carolina;    0.38373E+04;   0.72037E+03;    0.21421E+03;    0.19192E+01;    0.38470E+01;    0.33452E+00;    0.77783E+01;    0.67637E+00;    0.19271E+01;    0.36862E+00;    0.27669E+02;    0.26522E+02;    0.99485E+01;    0.32587E+00;    0.14394E+01;      0.49770E+01;      0.16757E+01;      0.26420E+00;      0.17599E+04;      0.77511E+02;      0.13333E+03;      0.69487E+01;      0.38671E+00;      0.95657E+00;      0.22368E+01;      0.72143E+00;      0.88076E-01;      0.37378E+02;      0.34062E+00;      0.92667E+00;      0.48262E+01;      0.40294E-01;      0.98223E-01;      0.59498E+02;      0.49675E+00;      0.12109E+01;      0.83140E+02;      0.74835E+00;      0.10173E+01;      0.27294E+01;      0.42005E+02;      0.35957E+00;      0.12580E+01;      0.15646E+01;      0.21153E+01;      0.69028E+00;      0.20709E+01

##################################################################################################################################################################################################################################################################################################################################################################################################################################################################################################################################################################################################################################################################################################################################################################################################################################################################################

