Nonroad mobile
Processed as Area sources
Base inventory year      1999
Gridding matrix applied for gridUS36NC_23X12
No speciation matrix applied
Temporal factors applied for episode from
     Tuesday July 9, 1996   at 000000 to
     Tuesday July 9, 1996   at 230000
Annual total data basis in report
Date       ; Region; State         ; CO           ; NOX          ; VOC          ; NH3          ; SO2          ; PM10         ; PM2_5        ; ACETALD      ; ACROLEIN     ; BENZENE      ; BUTADIENE    ; ETHYLBENZN   ; FORMALDEHYD  ; HEXANE       ; HG           ; HGIIGAS      ; PHGI         ; ANTHRACENE   ; BENZOGHIPER  ; IND123CD     ; BENZOBFLUOR  ; BENZOKFLUOR  ; CHRYSENE     ; DIBENAHANT   ; BENZAANTHRA  ; ACENAPHTHEN  ; ACNPTHYLENE  ; PHNANTHRENE  ; NAPHTHALENE  ; FLUORENE     ; PROPIONALD   ; STYRENE      ; TOLUENE      ; TRIMTHPN224  ; XYLENES      ; NONHAPVOC    ; PMC
           ;       ;               ; [tons/day]   ; [tons/day]   ; [tons/day]   ; [tons/day]   ; [tons/day]   ; [tons/day]   ; [tons/day]   ; [tons/day]   ; [tons/day]   ; [tons/day]   ; [tons/day]   ; [tons/day]   ; [tons/day]   ; [tons/day]   ; [tons/day]   ; [tons/day]   ; [tons/day]   ; [tons/day]   ; [tons/day]   ; [tons/day]   ; [tons/day]   ; [tons/day]   ; [tons/day]   ; [tons/day]   ; [tons/day]   ; [tons/day]   ; [tons/day]   ; [tons/day]   ; [tons/day]   ; [tons/day]   ; [tons/day]   ; [tons/day]   ; [tons/day]   ; [tons/day]   ; [tons/day]   ; [tons/day]   ; [tons/day]
---------------------------------------------------------------------------------------------------------------------------------------------------------------------------------------------------------------------------------------------------------------------------------------------------------------------------------------------------------------------------------------------------------------------------------------------------------------------------------------------------------------------------------------------------------------------------------------------------------------
 07/09/1996;  037000;North Carolina;    0.29355E+04;   0.40293E+03;   0.39782E+03;   0.73510E+00;   0.69107E+02;   0.54587E+02;   0.48755E+02;   0.15587E+01;   0.18717E+00;   0.66528E+01;   0.85628E+00;   0.44431E+01;   0.37819E+01;   0.27374E+01;   0.45453E-03;   0.56816E-04;   0.56816E-04;   0.10669E-02;   0.79723E-03;   0.25108E-03;   0.18930E-03;   0.17483E-03;   0.23163E-03;   0.55173E-05;   0.29541E-03;   0.23140E-02;   0.51016E-02;   0.77791E-02;   0.82148E-01;   0.41386E-02;   0.36623E+00;   0.22675E+00;   0.17337E+02;   0.79335E+01;   0.18381E+02;   0.56037E+01;   0.58322E+01

###############################################################################################################################################################################################################################################################################################################################################################################################################################################################################################################################################################################################################

