Nonroad mobile
Processed as Area sources
Base inventory year      1999
Gridding matrix applied for gridUS36NC_23X12
No speciation matrix applied
Temporal factors applied for episode from
     Tuesday July 9, 1996   at 000000 to
     Tuesday July 9, 1996   at 230000
Annual total data basis in report
Date       | Region| State         | CO           | NOX          | VOC          | NH3          | SO2          | PM10         | PM2_5        | ACETALD      | ACROLEIN     | BENZENE      | BUTADIENE    | ETHYLBENZN   | FORMALDEHYD  | HEXANE       | HG           | HGIIGAS      | PHGI         | ANTHRACENE   | BENZOGHIPER  | IND123CD     | BENZOBFLUOR  | BENZOKFLUOR  | CHRYSENE     | DIBENAHANT   | BENZAANTHRA  | ACENAPHTHEN  | ACNPTHYLENE  | PHNANTHRENE  | NAPHTHALENE  | FLUORENE     | PROPIONALD   | STYRENE      | TOLUENE      | TRIMTHPN224  | XYLENES      | NONHAPVOC    | PMC
           |       |               | [tons/day]   | [tons/day]   | [tons/day]   | [tons/day]   | [tons/day]   | [tons/day]   | [tons/day]   | [tons/day]   | [tons/day]   | [tons/day]   | [tons/day]   | [tons/day]   | [tons/day]   | [tons/day]   | [tons/day]   | [tons/day]   | [tons/day]   | [tons/day]   | [tons/day]   | [tons/day]   | [tons/day]   | [tons/day]   | [tons/day]   | [tons/day]   | [tons/day]   | [tons/day]   | [tons/day]   | [tons/day]   | [tons/day]   | [tons/day]   | [tons/day]   | [tons/day]   | [tons/day]   | [tons/day]   | [tons/day]   | [tons/day]   | [tons/day]
---------------------------------------------------------------------------------------------------------------------------------------------------------------------------------------------------------------------------------------------------------------------------------------------------------------------------------------------------------------------------------------------------------------------------------------------------------------------------------------------------------------------------------------------------------------------------------------------------------------
 07/09/1996|  037000|North Carolina|    0.21345E+04|   0.30250E+03|   0.29289E+03|   0.59076E+00|   0.50529E+02|   0.41216E+02|   0.36460E+02|   0.11958E+01|   0.15514E+00|   0.54172E+01|   0.68750E+00|   0.37270E+01|   0.29059E+01|   0.23116E+01|   0.33275E-03|   0.41593E-04|   0.41593E-04|   0.91970E-03|   0.70794E-03|   0.22381E-03|   0.16339E-03|   0.15054E-03|   0.19884E-03|   0.50412E-05|   0.26271E-03|   0.17117E-02|   0.40994E-02|   0.60660E-02|   0.68329E-01|   0.33331E-02|   0.27897E+00|   0.19272E+00|   0.14590E+02|   0.70309E+01|   0.15519E+02|   0.53829E+01|   0.47569E+01

###############################################################################################################################################################################################################################################################################################################################################################################################################################################################################################################################################################################################################

